none 0 16 frames 29 x 50
dagger 0 30 frames 44 x 50
sword 0 34 frames 71 x 60
axe 0 42 frames 82 x 81
spear 0 32 frames 79 x 51
mace 0 40 frames 71 x 69
pan 0 34 frames 61 x 62
crossbow 0 42 frames 40 x 52
staff 0 42 frames 53 x 71
body 0 70 frames 55 x 55
none 1 16 frames 29 x 50
dagger 1 30 frames 44 x 50
sword 1 34 frames 71 x 60
axe 1 42 frames 82 x 81
spear 1 32 frames 79 x 51
mace 1 40 frames 71 x 69
pan 1 34 frames 61 x 62
crossbow 1 42 frames 40 x 52
staff 1 42 frames 53 x 71
body 1 70 frames 55 x 55
none 2 16 frames 29 x 50
dagger 2 30 frames 44 x 50
sword 2 34 frames 71 x 60
axe 2 42 frames 82 x 81
spear 2 32 frames 79 x 51
mace 2 40 frames 71 x 69
pan 2 34 frames 61 x 62
crossbow 2 42 frames 40 x 52
staff 2 42 frames 53 x 71
body 2 70 frames 55 x 55
none 3 16 frames 29 x 50
dagger 3 30 frames 44 x 50
sword 3 34 frames 71 x 60
axe 3 42 frames 82 x 81
spear 3 32 frames 79 x 51
mace 3 40 frames 71 x 69
pan 3 34 frames 61 x 62
crossbow 3 42 frames 40 x 52
staff 3 42 frames 53 x 71
body 3 70 frames 55 x 55
palette 256
